cols=40 rows=8
cursor=2,13 visible=true active=primary sgr=default
formatVT:
history-01
history-02
history-03
history-04
history-05
history-06
history-07
history-08
history-09
history-10
history-11
history-12
history-13
history-14
history-15
history-16
history-17
history-18
history-19
history-20
history-21
history-22
history-23
history-24
history-25
history-26
history-27
history-28
history-29
history-30
history-31
history-32
history-33
history-34
history-35
history-36
history-37
history-38
history-39
history-40
history-41
history-42
history-43
<ESC>[0m<ESC>[2m[connected. scrollback @ local]<ESC>[0m
short-visible
<ESC>[0m<ESC>[38;5;5mstyled-ready<ESC>[0m<ESC>[0m<ESC>[2;13H
